Microchip MPLAB XC8 Compiler V2.31

Linker command line:

-W-3 --edf=C:\Program Files\Microchip\xc8\v2.31\pic\dat\en_msgs.txt -cn \
  -h+dist/default/production\heater.X.production.sym \
  --cmf=dist/default/production\heater.X.production.cmf -z -Q16F877A \
  -oC:\Users\Nader\AppData\Local\Temp\sag0.2 \
  -Mdist/default/production/heater.X.production.map -E1 -ver=XC8 Compiler \
  -ASTACK=0110h-016Fh -pstack=STACK -ACODE=00h-07FFhx4 -ASTRCODE=00h-01FFFh \
  -ASTRING=00h-0FFhx32 -ACONST=00h-0FFhx32 -AENTRY=00h-0FFhx32 \
  -ACOMMON=070h-07Fh -ABANK0=020h-06Fh -ABANK1=0A0h-0EFh \
  -ABANK2=0110h-016Fh -ABANK3=0190h-01EFh \
  -ARAM=020h-06Fh,0A0h-0EFh,0110h-016Fh,0190h-01EFh \
  -AABS1=020h-07Fh,0A0h-0EFh,0110h-016Fh,0190h-01EFh -ASFR0=00h-01Fh \
  -ASFR1=080h-09Fh -ASFR2=0100h-010Fh -ASFR3=0180h-018Fh \
  -ACONFIG=02007h-02007h -DCONFIG=2 -AIDLOC=02000h-02003h -DIDLOC=2 \
  -AEEDATA=00h-0FFh/02100h -peeprom_data=EEDATA -DEEDATA=2 -DCODE=2 \
  -DSTRCODE=2 -DSTRING=2 -DCONST=2 -DENTRY=2 \
  -preset_vec=00h,intentry=04h,init,end_init -ppowerup=CODE -pcinit=CODE \
  -pfunctab=ENTRY -k C:\Users\Nader\AppData\Local\Temp\sag0.obj \
  dist/default/production\heater.X.production.obj 

Object code version is 3.11

Machine type is 16F877A



                Name                               Link     Load   Length Selector   Space Scale
C:\Users\Nader\AppData\Local\Temp\sag0.obj
                end_init                              E        E        3        8       0
                reset_vec                             0        0        3        0       0
                config                             2007     2007        1        0       4
dist/default/production\heater.X.production.obj
                cinit                                11       11        F        8       0
                intentry                              4        4        A        8       0
                config                             2007     2007        1        0       4
                text28                              35D      35D       6C        8       0
                text27                              4FB      4FB       21        8       0
                text26                               D9       D9       B3        8       0
                text25                              2E2      2E2       7B        8       0
                text24                              57A      57A        6        8       0
                text23                              59A      59A        3        8       0
                text22                              566      566        B        8       0
                text21                              59F      59F        2        8       0
                text20                              597      597        3        8       0
                text19                              58D      58D        4        8       0
                text18                              589      589        4        8       0
                text17                              23B      23B       A7        8       0
                text16                              469      469       3C        8       0
                text15                              4A5      4A5       34        8       0
                text14                              427      427       42        8       0
                text13                              538      538       13        8       0
                text12                              3C9      3C9       5E        8       0
                text11                              51C      51C       1C        8       0
                text10                              594      594        3        8       0
                text9                               571      571        9        8       0
                text8                               59D      59D        2        8       0
                text7                               580      580        5        8       0
                text6                               54B      54B        E        8       0
                text5                               559      559        D        8       0
                text4                               591      591        3        8       0
                text3                               585      585        4        8       0
                text2                               18C      18C       AF        8       0
                text1                               4D9      4D9       22        8       0
                maintext                             20       20       B9        8       0
                cstackBANK0                          20       20       26       20       1
                cstackCOMMON                         70       70        E       70       1
                cstackBANK1                          A0       A0       1E       A0       1
                bssBANK1                             BE       BE        3       A0       1
                bssBANK0                             46       46        5       20       1

TOTAL           Name                               Link     Load   Length     Space
        CLASS   STACK          

        CLASS   CODE           
                end_init                              E        E        3         0
                cinit                                11       11        F         0
                intentry                              4        4        A         0
                reset_vec                             0        0        3         0
                text28                              35D      35D       6C         0
                text27                              4FB      4FB       21         0
                text26                               D9       D9       B3         0
                text25                              2E2      2E2       7B         0
                text24                              57A      57A        6         0
                text23                              59A      59A        3         0
                text22                              566      566        B         0
                text21                              59F      59F        2         0
                text20                              597      597        3         0
                text19                              58D      58D        4         0
                text18                              589      589        4         0
                text17                              23B      23B       A7         0
                text16                              469      469       3C         0
                text15                              4A5      4A5       34         0
                text14                              427      427       42         0
                text13                              538      538       13         0
                text12                              3C9      3C9       5E         0
                text11                              51C      51C       1C         0
                text10                              594      594        3         0
                text9                               571      571        9         0
                text8                               59D      59D        2         0
                text7                               580      580        5         0
                text6                               54B      54B        E         0
                text5                               559      559        D         0
                text4                               591      591        3         0
                text3                               585      585        4         0
                text2                               18C      18C       AF         0
                text1                               4D9      4D9       22         0
                maintext                             20       20       B9         0

        CLASS   STRCODE        

        CLASS   STRING         

        CLASS   CONST          

        CLASS   ENTRY          

        CLASS   COMMON         
                cstackCOMMON                         70       70        E         1

        CLASS   BANK0          
                cstackBANK0                          20       20       26         1
                bssBANK0                             46       46        5         1

        CLASS   BANK1          
                cstackBANK1                          A0       A0       1E         1
                bssBANK1                             BE       BE        3         1

        CLASS   BANK2          

        CLASS   BANK3          

        CLASS   RAM            

        CLASS   ABS1           
                abs_s1                               7E       7E        2         1

        CLASS   SFR0           

        CLASS   SFR1           

        CLASS   SFR2           

        CLASS   SFR3           

        CLASS   CONFIG         
                config                             2007     2007        1         4

        CLASS   IDLOC          

        CLASS   EEDATA         



SEGMENTS        Name                           Load    Length   Top    Selector   Space  Class     Delta

                reset_vec                      000000  000003  000003         0       0  CODE        2
                intentry                       000004  00059D  0005A1         8       0  CODE        2
                cstackBANK0                    000020  00002B  00004B        20       1  BANK0       1
                cstackCOMMON                   000070  00000E  00007E        70       1  COMMON      1
                cstackBANK1                    0000A0  000021  0000C1        A0       1  BANK1       1


UNUSED ADDRESS RANGES

        Name                Unused          Largest block    Delta
        BANK0            004B-006F             25           1
        BANK1            00C1-00EF             2F           1
        BANK2            0110-016F             60           1
        BANK3            0190-01EF             60           1
        CODE             0003-0003              1           2
                         05A1-1FFF            800
        CONST            0003-0003              1           2
                         05A1-1FFF            100
        EEDATA           2100-21FF            100           2
        ENTRY            0003-0003              1           2
                         05A1-1FFF            100
        IDLOC            2000-2003              4           2
        RAM              004B-006F             25           1
                         00C1-00EF             2F
                         0110-016F             60
                         0190-01EF             60
        SFR0             0000-001F             20           1
        SFR1             0080-009F             20           1
        SFR2             0100-010F             10           1
        SFR3             0180-018F             10           1
        STACK            0110-016F             60           1
        STRCODE          0003-0003              1           2
                         05A1-1FFF           1A5F
        STRING           0003-0003              1           2
                         05A1-1FFF            100

                                  Symbol Table

?___awtoft                   cstackCOMMON 0078
?___ftmul                    cstackBANK0  0020
?___ftpack                   cstackCOMMON 0070
?___fttol                    cstackBANK0  0030
?___lwdiv                    cstackBANK1  00A5
?___lwmod                    cstackBANK1  00A0
?_read_lm35                  cstackCOMMON 0070
DEL_write_7seg@i             cstackBANK1  00B7
DEL_write_7seg@time          cstackBANK1  00B5
DEL_write_7seg@val           cstackBANK1  00B3
ISR@tmp                      cstackBANK0  0043
_ADCON0                      (abs)        001F
_ADCON1                      (abs)        009F
_ADIE                        (abs)        0466
_ADIF                        (abs)        0066
_ADRESH                      (abs)        001E
_ADRESL                      (abs)        009E
_DEL_write_7seg              text11       051C
_GIE                         (abs)        005F
_GO_DONE                     (abs)        00FA
_INTE                        (abs)        005C
_INTEDG                      (abs)        040E
_INTF                        (abs)        0059
_ISR                         text17       023B
_PEIE                        (abs)        005E
_PIR1bits                    (abs)        000C
_PORTB                       (abs)        0006
_PORTCbits                   (abs)        0007
_PORTDbits                   (abs)        0008
_TRISB                       (abs)        0086
_TRISCbits                   (abs)        0087
_TRISDbits                   (abs)        0088
__Habs1                      abs1         0000
__Hbank0                     bank0        0000
__Hbank1                     bank1        0000
__Hbank2                     bank2        0000
__Hbank3                     bank3        0000
__HbssBANK0                  bssBANK0     0000
__HbssBANK1                  bssBANK1     0000
__Hcinit                     cinit        0020
__Hclrtext                   clrtext      0000
__Hcode                      code         0000
__Hcommon                    common       0000
__Hconfig                    config       2008
__HcstackBANK0               cstackBANK0  0000
__HcstackBANK1               cstackBANK1  0000
__HcstackCOMMON              cstackCOMMON 0000
__Heeprom_data               eeprom_data  0000
__Hend_init                  end_init     0011
__Hfunctab                   functab      0000
__Hinit                      init         000E
__Hintentry                  intentry     000E
__Hmaintext                  maintext     0000
__Hpowerup                   powerup      0000
__Hram                       ram          0000
__Hreset_vec                 reset_vec    0003
__Hsfr0                      sfr0         0000
__Hsfr1                      sfr1         0000
__Hsfr2                      sfr2         0000
__Hsfr3                      sfr3         0000
__Hspace_0                   (abs)        05A1
__Hspace_1                   (abs)        00C1
__Hspace_2                   (abs)        0000
__Hspace_3                   (abs)        0000
__Hspace_4                   (abs)        400F
__Hstack                     stack        0000
__Hstrings                   strings      0000
__Htext                      text         0000
__Labs1                      abs1         0000
__Lbank0                     bank0        0000
__Lbank1                     bank1        0000
__Lbank2                     bank2        0000
__Lbank3                     bank3        0000
__LbssBANK0                  bssBANK0     0000
__LbssBANK1                  bssBANK1     0000
__Lcinit                     cinit        0011
__Lclrtext                   clrtext      0000
__Lcode                      code         0000
__Lcommon                    common       0000
__Lconfig                    config       0000
__LcstackBANK0               cstackBANK0  0000
__LcstackBANK1               cstackBANK1  0000
__LcstackCOMMON              cstackCOMMON 0000
__Leeprom_data               eeprom_data  0000
__Lend_init                  end_init     000E
__Lfunctab                   functab      0000
__Linit                      init         000E
__Lintentry                  intentry     0004
__Lmaintext                  maintext     0000
__Lpowerup                   powerup      0000
__Lram                       ram          0000
__Lreset_vec                 reset_vec    0000
__Lsfr0                      sfr0         0000
__Lsfr1                      sfr1         0000
__Lsfr2                      sfr2         0000
__Lsfr3                      sfr3         0000
__Lspace_0                   (abs)        0000
__Lspace_1                   (abs)        0000
__Lspace_2                   (abs)        0000
__Lspace_3                   (abs)        0000
__Lspace_4                   (abs)        0000
__Lstack                     stack        0000
__Lstrings                   strings      0000
__Ltext                      text         0000
__S0                         (abs)        05A1
__S1                         (abs)        00C1
__S2                         (abs)        0000
__S3                         (abs)        0000
___awtoft                    text27       04FB
___awtoft@c                  cstackCOMMON 0078
___awtoft@sign               cstackCOMMON 007D
___ftmul                     text26       00D9
___ftmul@cntr                cstackBANK0  002E
___ftmul@exp                 cstackBANK0  002A
___ftmul@f1                  cstackBANK0  0020
___ftmul@f2                  cstackBANK0  0023
___ftmul@f3_as_product       cstackBANK0  002B
___ftmul@sign                cstackBANK0  002F
___ftpack                    text28       035D
___ftpack@arg                cstackCOMMON 0070
___ftpack@exp                cstackCOMMON 0073
___ftpack@sign               cstackCOMMON 0074
___fttol                     text25       02E2
___fttol@exp1                cstackBANK0  003D
___fttol@f1                  cstackBANK0  0030
___fttol@lval                cstackBANK0  0039
___fttol@sign1               cstackBANK0  0038
___int_sp                    stack        0000
___latbits                   (abs)        0002
___lwdiv                     text16       0469
___lwdiv@counter             cstackBANK1  00AC
___lwdiv@dividend            cstackBANK1  00A7
___lwdiv@divisor             cstackBANK1  00A5
___lwdiv@quotient            cstackBANK1  00AA
___lwmod                     text15       04A5
___lwmod@counter             cstackBANK1  00A4
___lwmod@dividend            cstackBANK1  00A2
___lwmod@divisor             cstackBANK1  00A0
___sp                        stack        0000
___stackhi                   (abs)        0000
___stacklo                   (abs)        0000
__end_of_DEL_write_7seg      text11       0538
__end_of_ISR                 text17       02E2
__end_of___awtoft            text27       051C
__end_of___ftmul             text26       018C
__end_of___ftpack            text28       03C9
__end_of___fttol             text25       035D
__end_of___lwdiv             text16       04A5
__end_of___lwmod             text15       04D9
__end_of__initialization     cinit        001C
__end_of_cooler_off          text8        059F
__end_of_cooler_on           text10       0597
__end_of_evaluate            text14       0469
__end_of_heater_off          text7        0585
__end_of_heater_on           text3        0589
__end_of_init_7seg           text9        057A
__end_of_init_cooler_heater  text6        0559
__end_of_init_lm35           text5        0566
__end_of_init_switches       text4        0594
__end_of_main                maintext     00D9
__end_of_prepheral_testing   text2        023B
__end_of_read_lm35           text24       0580
__end_of_reset_lm35          text23       059D
__end_of_selec_7seg          text13       054B
__end_of_start_lm35          text1        04FB
__end_of_sw_check            text22       0571
__end_of_write_7seg          text12       0427
__end_ofi1_cooler_off        text21       05A1
__end_ofi1_cooler_on         text20       059A
__end_ofi1_heater_off        text19       0591
__end_ofi1_heater_on         text18       058D
__initialization             cinit        0011
__pbssBANK0                  bssBANK0     0046
__pbssBANK1                  bssBANK1     00BE
__pcstackBANK0               cstackBANK0  0020
__pcstackBANK1               cstackBANK1  00A0
__pcstackCOMMON              cstackCOMMON 0070
__pintentry                  intentry     0004
__pmaintext                  maintext     0020
__ptext1                     text1        04D9
__ptext10                    text10       0594
__ptext11                    text11       051C
__ptext12                    text12       03C9
__ptext13                    text13       0538
__ptext14                    text14       0427
__ptext15                    text15       04A5
__ptext16                    text16       0469
__ptext17                    text17       023B
__ptext18                    text18       0589
__ptext19                    text19       058D
__ptext2                     text2        018C
__ptext20                    text20       0597
__ptext21                    text21       059F
__ptext22                    text22       0566
__ptext23                    text23       059A
__ptext24                    text24       057A
__ptext25                    text25       02E2
__ptext26                    text26       00D9
__ptext27                    text27       04FB
__ptext28                    text28       035D
__ptext3                     text3        0585
__ptext4                     text4        0591
__ptext5                     text5        0559
__ptext6                     text6        054B
__ptext7                     text7        0580
__ptext8                     text8        059D
__ptext9                     text9        0571
__size_of_DEL_write_7seg     (abs)        0000
__size_of_ISR                (abs)        0000
__size_of___awtoft           (abs)        0000
__size_of___ftmul            (abs)        0000
__size_of___ftpack           (abs)        0000
__size_of___fttol            (abs)        0000
__size_of___lwdiv            (abs)        0000
__size_of___lwmod            (abs)        0000
__size_of_cooler_off         (abs)        0000
__size_of_cooler_on          (abs)        0000
__size_of_evaluate           (abs)        0000
__size_of_heater_off         (abs)        0000
__size_of_heater_on          (abs)        0000
__size_of_init_7seg          (abs)        0000
__size_of_init_cooler_heater (abs)        0000
__size_of_init_lm35          (abs)        0000
__size_of_init_switches      (abs)        0000
__size_of_main               (abs)        0000
__size_of_prepheral_testing  (abs)        0000
__size_of_read_lm35          (abs)        0000
__size_of_reset_lm35         (abs)        0000
__size_of_selec_7seg         (abs)        0000
__size_of_start_lm35         (abs)        0000
__size_of_sw_check           (abs)        0000
__size_of_write_7seg         (abs)        0000
__size_ofi1_cooler_off       (abs)        0000
__size_ofi1_cooler_on        (abs)        0000
__size_ofi1_heater_off       (abs)        0000
__size_ofi1_heater_on        (abs)        0000
_cooler_off                  text8        059D
_cooler_on                   text10       0594
_current_temprature          bssBANK1     00BF
_desired_temprature          bssBANK1     00C0
_display_desirered_value     bssBANK1     00BE
_evaluate                    text14       0427
_heater_off                  text7        0580
_heater_on                   text3        0585
_init_7seg                   text9        0571
_init_cooler_heater          text6        054B
_init_lm35                   text5        0559
_init_switches               text4        0591
_main                        maintext     0020
_prepheral_testing           text2        018C
_read_lm35                   text24       057A
_reset_lm35                  text23       059A
_selec_7seg                  text13       0538
_start_lm35                  text1        04D9
_sw_check                    text22       0566
_write_7seg                  text12       03C9
btemp                        (abs)        007E
end_of_initialization        cinit        001C
evaluate@x                   cstackBANK0  0045
i1_cooler_off                text21       059F
i1_cooler_on                 text20       0597
i1_heater_off                text19       058D
i1_heater_on                 text18       0589
interrupt_function           intentry     0004
intlevel0                    functab      0000
intlevel1                    functab      0000
intlevel2                    functab      0000
intlevel3                    functab      0000
intlevel4                    functab      0000
intlevel5                    functab      0000
main@i                       cstackBANK1  00BC
prepheral_testing@i          cstackBANK1  00A3
prepheral_testing@i_204      cstackBANK1  00A5
reset_vec                    reset_vec    0000
saved_w                      (abs)        007E
selec_7seg@sel               cstackBANK0  0045
start                        init         000E
start_initialization         cinit        0011
start_lm35@channle           cstackBANK0  0045
write_7seg@d1                cstackBANK1  00B1
write_7seg@d2                cstackBANK1  00B2
write_7seg@x                 cstackBANK1  00AD
wtemp0                       (abs)        007E


FUNCTION INFORMATION:

 *************** function _main *****************
 Defined at:
		line 25 in file "main.c"
 Parameters:    Size  Location     Type
		None
 Auto vars:     Size  Location     Type
  i               2   28[BANK1 ] int 
 Return value:  Size  Location     Type
                  1    wreg      void 
 Registers used:
		wreg, fsr0l, fsr0h, status,2, status,0, btemp+1, pclath, cstack
 Tracked objects:
		On entry : 
		On exit  : 
		Unchanged: 
 Data sizes:     COMMON   BANK0   BANK1   BANK3   BANK2
      Params:         0       0       0       0       0
      Locals:         0       0       2       0       0
      Temps:          0       0       3       0       0
      Totals:         0       0       5       0       0
Total ram usage:        5 bytes
 Hardware stack levels required when called:    6
 This function calls:
		_DEL_write_7seg
		_cooler_off
		_cooler_on
		_heater_off
		_heater_on
		_init_7seg
		_init_cooler_heater
		_init_lm35
		_init_switches
		_prepheral_testing
		_start_lm35
		_write_7seg
 This function is called by:
		Startup code after reset
 This function uses a non-reentrant model


 *************** function _start_lm35 *****************
 Defined at:
		line 25 in file "lm35.c"
 Parameters:    Size  Location     Type
  channle         1    wreg     unsigned char 
 Auto vars:     Size  Location     Type
  channle         1   37[BANK0 ] unsigned char 
 Return value:  Size  Location     Type
                  1    wreg      void 
 Registers used:
		wreg, status,2, status,0
 Tracked objects:
		On entry : 
		On exit  : 
		Unchanged: 
 Data sizes:     COMMON   BANK0   BANK1   BANK3   BANK2
      Params:         0       0       0       0       0
      Locals:         0       1       0       0       0
      Temps:          0       0       2       0       0
      Totals:         0       1       2       0       0
Total ram usage:        3 bytes
 Hardware stack levels used:    1
 Hardware stack levels required when called:    3
 This function calls:
		Nothing
 This function is called by:
		_main
 This function uses a non-reentrant model


 *************** function _prepheral_testing *****************
 Defined at:
		line 182 in file "main.c"
 Parameters:    Size  Location     Type
		None
 Auto vars:     Size  Location     Type
  i               2    5[BANK1 ] int 
  i               2    3[BANK1 ] int 
 Return value:  Size  Location     Type
                  1    wreg      void 
 Registers used:
		wreg, status,2, status,0, btemp+1, pclath, cstack
 Tracked objects:
		On entry : 
		On exit  : 
		Unchanged: 
 Data sizes:     COMMON   BANK0   BANK1   BANK3   BANK2
      Params:         0       0       0       0       0
      Locals:         0       0       4       0       0
      Temps:          0       0       3       0       0
      Totals:         0       0       7       0       0
Total ram usage:        7 bytes
 Hardware stack levels used:    1
 Hardware stack levels required when called:    4
 This function calls:
		_heater_off
		_heater_on
 This function is called by:
		_main
 This function uses a non-reentrant model


 *************** function _heater_on *****************
 Defined at:
		line 34 in file "io_prepherals.c"
 Parameters:    Size  Location     Type
		None
 Auto vars:     Size  Location     Type
		None
 Return value:  Size  Location     Type
                  1    wreg      void 
 Registers used:
		None
 Tracked objects:
		On entry : 
		On exit  : 
		Unchanged: 
 Data sizes:     COMMON   BANK0   BANK1   BANK3   BANK2
      Params:         0       0       0       0       0
      Locals:         0       0       0       0       0
      Temps:          0       0       0       0       0
      Totals:         0       0       0       0       0
Total ram usage:        0 bytes
 Hardware stack levels used:    1
 Hardware stack levels required when called:    3
 This function calls:
		Nothing
 This function is called by:
		_main
		_prepheral_testing
 This function uses a non-reentrant model


 *************** function _init_switches *****************
 Defined at:
		line 12 in file "io_prepherals.c"
 Parameters:    Size  Location     Type
		None
 Auto vars:     Size  Location     Type
		None
 Return value:  Size  Location     Type
                  1    wreg      void 
 Registers used:
		None
 Tracked objects:
		On entry : 
		On exit  : 
		Unchanged: 
 Data sizes:     COMMON   BANK0   BANK1   BANK3   BANK2
      Params:         0       0       0       0       0
      Locals:         0       0       0       0       0
      Temps:          0       0       0       0       0
      Totals:         0       0       0       0       0
Total ram usage:        0 bytes
 Hardware stack levels used:    1
 Hardware stack levels required when called:    3
 This function calls:
		Nothing
 This function is called by:
		_main
 This function uses a non-reentrant model


 *************** function _init_lm35 *****************
 Defined at:
		line 11 in file "lm35.c"
 Parameters:    Size  Location     Type
		None
 Auto vars:     Size  Location     Type
		None
 Return value:  Size  Location     Type
                  1    wreg      void 
 Registers used:
		wreg
 Tracked objects:
		On entry : 
		On exit  : 
		Unchanged: 
 Data sizes:     COMMON   BANK0   BANK1   BANK3   BANK2
      Params:         0       0       0       0       0
      Locals:         0       0       0       0       0
      Temps:          0       0       0       0       0
      Totals:         0       0       0       0       0
Total ram usage:        0 bytes
 Hardware stack levels used:    1
 Hardware stack levels required when called:    3
 This function calls:
		Nothing
 This function is called by:
		_main
 This function uses a non-reentrant model


 *************** function _init_cooler_heater *****************
 Defined at:
		line 18 in file "io_prepherals.c"
 Parameters:    Size  Location     Type
		None
 Auto vars:     Size  Location     Type
		None
 Return value:  Size  Location     Type
                  1    wreg      void 
 Registers used:
		status,2, status,0, pclath, cstack
 Tracked objects:
		On entry : 
		On exit  : 
		Unchanged: 
 Data sizes:     COMMON   BANK0   BANK1   BANK3   BANK2
      Params:         0       0       0       0       0
      Locals:         0       0       0       0       0
      Temps:          0       0       0       0       0
      Totals:         0       0       0       0       0
Total ram usage:        0 bytes
 Hardware stack levels used:    1
 Hardware stack levels required when called:    4
 This function calls:
		_cooler_off
		_heater_off
 This function is called by:
		_main
 This function uses a non-reentrant model


 *************** function _heater_off *****************
 Defined at:
		line 44 in file "io_prepherals.c"
 Parameters:    Size  Location     Type
		None
 Auto vars:     Size  Location     Type
		None
 Return value:  Size  Location     Type
                  1    wreg      void 
 Registers used:
		None
 Tracked objects:
		On entry : 
		On exit  : 
		Unchanged: 
 Data sizes:     COMMON   BANK0   BANK1   BANK3   BANK2
      Params:         0       0       0       0       0
      Locals:         0       0       0       0       0
      Temps:          0       0       0       0       0
      Totals:         0       0       0       0       0
Total ram usage:        0 bytes
 Hardware stack levels used:    1
 Hardware stack levels required when called:    3
 This function calls:
		Nothing
 This function is called by:
		_main
		_prepheral_testing
		_init_cooler_heater
 This function uses a non-reentrant model


 *************** function _cooler_off *****************
 Defined at:
		line 40 in file "io_prepherals.c"
 Parameters:    Size  Location     Type
		None
 Auto vars:     Size  Location     Type
		None
 Return value:  Size  Location     Type
                  1    wreg      void 
 Registers used:
		None
 Tracked objects:
		On entry : 
		On exit  : 
		Unchanged: 
 Data sizes:     COMMON   BANK0   BANK1   BANK3   BANK2
      Params:         0       0       0       0       0
      Locals:         0       0       0       0       0
      Temps:          0       0       0       0       0
      Totals:         0       0       0       0       0
Total ram usage:        0 bytes
 Hardware stack levels used:    1
 Hardware stack levels required when called:    3
 This function calls:
		Nothing
 This function is called by:
		_main
		_init_cooler_heater
 This function uses a non-reentrant model


 *************** function _init_7seg *****************
 Defined at:
		line 13 in file "seven_segment.c"
 Parameters:    Size  Location     Type
		None
 Auto vars:     Size  Location     Type
		None
 Return value:  Size  Location     Type
                  1    wreg      void 
 Registers used:
		wreg
 Tracked objects:
		On entry : 
		On exit  : 
		Unchanged: 
 Data sizes:     COMMON   BANK0   BANK1   BANK3   BANK2
      Params:         0       0       0       0       0
      Locals:         0       0       0       0       0
      Temps:          0       0       0       0       0
      Totals:         0       0       0       0       0
Total ram usage:        0 bytes
 Hardware stack levels used:    1
 Hardware stack levels required when called:    3
 This function calls:
		Nothing
 This function is called by:
		_main
 This function uses a non-reentrant model


 *************** function _cooler_on *****************
 Defined at:
		line 30 in file "io_prepherals.c"
 Parameters:    Size  Location     Type
		None
 Auto vars:     Size  Location     Type
		None
 Return value:  Size  Location     Type
                  1    wreg      void 
 Registers used:
		None
 Tracked objects:
		On entry : 
		On exit  : 
		Unchanged: 
 Data sizes:     COMMON   BANK0   BANK1   BANK3   BANK2
      Params:         0       0       0       0       0
      Locals:         0       0       0       0       0
      Temps:          0       0       0       0       0
      Totals:         0       0       0       0       0
Total ram usage:        0 bytes
 Hardware stack levels used:    1
 Hardware stack levels required when called:    3
 This function calls:
		Nothing
 This function is called by:
		_main
 This function uses a non-reentrant model


 *************** function _DEL_write_7seg *****************
 Defined at:
		line 30 in file "seven_segment.c"
 Parameters:    Size  Location     Type
  val             2   19[BANK1 ] unsigned int 
  time            2   21[BANK1 ] unsigned int 
 Auto vars:     Size  Location     Type
  i               2   23[BANK1 ] int 
 Return value:  Size  Location     Type
                  1    wreg      void 
 Registers used:
		wreg, fsr0l, fsr0h, status,2, status,0, pclath, cstack
 Tracked objects:
		On entry : 
		On exit  : 
		Unchanged: 
 Data sizes:     COMMON   BANK0   BANK1   BANK3   BANK2
      Params:         0       0       4       0       0
      Locals:         0       0       2       0       0
      Temps:          0       0       0       0       0
      Totals:         0       0       6       0       0
Total ram usage:        6 bytes
 Hardware stack levels used:    1
 Hardware stack levels required when called:    5
 This function calls:
		_write_7seg
 This function is called by:
		_main
 This function uses a non-reentrant model


 *************** function _write_7seg *****************
 Defined at:
		line 37 in file "seven_segment.c"
 Parameters:    Size  Location     Type
  x               2   13[BANK1 ] unsigned int 
 Auto vars:     Size  Location     Type
  d2              1   18[BANK1 ] unsigned char 
  d1              1   17[BANK1 ] unsigned char 
 Return value:  Size  Location     Type
                  1    wreg      void 
 Registers used:
		wreg, fsr0l, fsr0h, status,2, status,0, pclath, cstack
 Tracked objects:
		On entry : 
		On exit  : 
		Unchanged: 
 Data sizes:     COMMON   BANK0   BANK1   BANK3   BANK2
      Params:         0       0       2       0       0
      Locals:         0       0       2       0       0
      Temps:          0       0       2       0       0
      Totals:         0       0       6       0       0
Total ram usage:        6 bytes
 Hardware stack levels used:    1
 Hardware stack levels required when called:    4
 This function calls:
		___lwdiv
		___lwmod
		_evaluate
		_selec_7seg
 This function is called by:
		_main
		_DEL_write_7seg
 This function uses a non-reentrant model


 *************** function _selec_7seg *****************
 Defined at:
		line 59 in file "seven_segment.c"
 Parameters:    Size  Location     Type
  sel             1    wreg     unsigned char 
 Auto vars:     Size  Location     Type
  sel             1   37[BANK0 ] unsigned char 
 Return value:  Size  Location     Type
                  1    wreg      void 
 Registers used:
		wreg, fsr0l, fsr0h, status,2, status,0
 Tracked objects:
		On entry : 
		On exit  : 
		Unchanged: 
 Data sizes:     COMMON   BANK0   BANK1   BANK3   BANK2
      Params:         0       0       0       0       0
      Locals:         0       1       0       0       0
      Temps:          0       0       0       0       0
      Totals:         0       1       0       0       0
Total ram usage:        1 bytes
 Hardware stack levels used:    1
 Hardware stack levels required when called:    3
 This function calls:
		Nothing
 This function is called by:
		_write_7seg
 This function uses a non-reentrant model


 *************** function _evaluate *****************
 Defined at:
		line 73 in file "seven_segment.c"
 Parameters:    Size  Location     Type
  x               1    wreg     unsigned char 
 Auto vars:     Size  Location     Type
  x               1   37[BANK0 ] unsigned char 
 Return value:  Size  Location     Type
                  1    wreg      void 
 Registers used:
		wreg, fsr0l, fsr0h, status,2, status,0
 Tracked objects:
		On entry : 
		On exit  : 
		Unchanged: 
 Data sizes:     COMMON   BANK0   BANK1   BANK3   BANK2
      Params:         0       0       0       0       0
      Locals:         0       1       0       0       0
      Temps:          0       0       0       0       0
      Totals:         0       1       0       0       0
Total ram usage:        1 bytes
 Hardware stack levels used:    1
 Hardware stack levels required when called:    3
 This function calls:
		Nothing
 This function is called by:
		_write_7seg
 This function uses a non-reentrant model


 *************** function ___lwmod *****************
 Defined at:
		line 5 in file "C:\Program Files\Microchip\xc8\v2.31\pic\sources\c90\common\lwmod.c"
 Parameters:    Size  Location     Type
  divisor         2    0[BANK1 ] unsigned int 
  dividend        2    2[BANK1 ] unsigned int 
 Auto vars:     Size  Location     Type
  counter         1    4[BANK1 ] unsigned char 
 Return value:  Size  Location     Type
                  2    0[BANK1 ] unsigned int 
 Registers used:
		wreg, status,2, status,0
 Tracked objects:
		On entry : 
		On exit  : 
		Unchanged: 
 Data sizes:     COMMON   BANK0   BANK1   BANK3   BANK2
      Params:         0       0       4       0       0
      Locals:         0       0       1       0       0
      Temps:          0       1       0       0       0
      Totals:         0       1       5       0       0
Total ram usage:        6 bytes
 Hardware stack levels used:    1
 Hardware stack levels required when called:    3
 This function calls:
		Nothing
 This function is called by:
		_write_7seg
 This function uses a non-reentrant model


 *************** function ___lwdiv *****************
 Defined at:
		line 5 in file "C:\Program Files\Microchip\xc8\v2.31\pic\sources\c90\common\lwdiv.c"
 Parameters:    Size  Location     Type
  divisor         2    5[BANK1 ] unsigned int 
  dividend        2    7[BANK1 ] unsigned int 
 Auto vars:     Size  Location     Type
  quotient        2   10[BANK1 ] unsigned int 
  counter         1   12[BANK1 ] unsigned char 
 Return value:  Size  Location     Type
                  2    5[BANK1 ] unsigned int 
 Registers used:
		wreg, status,2, status,0
 Tracked objects:
		On entry : 
		On exit  : 
		Unchanged: 
 Data sizes:     COMMON   BANK0   BANK1   BANK3   BANK2
      Params:         0       0       4       0       0
      Locals:         0       0       3       0       0
      Temps:          0       0       1       0       0
      Totals:         0       0       8       0       0
Total ram usage:        8 bytes
 Hardware stack levels used:    1
 Hardware stack levels required when called:    3
 This function calls:
		Nothing
 This function is called by:
		_write_7seg
 This function uses a non-reentrant model


 *************** function _ISR *****************
 Defined at:
		line 109 in file "main.c"
 Parameters:    Size  Location     Type
		None
 Auto vars:     Size  Location     Type
  tmp             2   35[BANK0 ] int 
 Return value:  Size  Location     Type
                  1    wreg      void 
 Registers used:
		wreg, status,2, status,0, pclath, cstack
 Tracked objects:
		On entry : 
		On exit  : 
		Unchanged: 
 Data sizes:     COMMON   BANK0   BANK1   BANK3   BANK2
      Params:         0       0       0       0       0
      Locals:         0       2       0       0       0
      Temps:          0       5       0       0       0
      Totals:         0       7       0       0       0
Total ram usage:        7 bytes
 Hardware stack levels used:    1
 Hardware stack levels required when called:    2
 This function calls:
		___awtoft
		___ftmul
		___fttol
		_read_lm35
		_reset_lm35
		_sw_check
		i1_cooler_off
		i1_cooler_on
		i1_heater_off
		i1_heater_on
 This function is called by:
		Interrupt level 1
 This function uses a non-reentrant model


 *************** function i1_heater_on *****************
 Defined at:
		line 34 in file "io_prepherals.c"
 Parameters:    Size  Location     Type
		None
 Auto vars:     Size  Location     Type
		None
 Return value:  Size  Location     Type
                  1    wreg      void 
 Registers used:
		None
 Tracked objects:
		On entry : 
		On exit  : 
		Unchanged: 
 Data sizes:     COMMON   BANK0   BANK1   BANK3   BANK2
      Params:         0       0       0       0       0
      Locals:         0       0       0       0       0
      Temps:          0       0       0       0       0
      Totals:         0       0       0       0       0
Total ram usage:        0 bytes
 Hardware stack levels used:    1
 This function calls:
		Nothing
 This function is called by:
		_ISR
 This function uses a non-reentrant model


 *************** function i1_heater_off *****************
 Defined at:
		line 44 in file "io_prepherals.c"
 Parameters:    Size  Location     Type
		None
 Auto vars:     Size  Location     Type
		None
 Return value:  Size  Location     Type
                  1    wreg      void 
 Registers used:
		None
 Tracked objects:
		On entry : 
		On exit  : 
		Unchanged: 
 Data sizes:     COMMON   BANK0   BANK1   BANK3   BANK2
      Params:         0       0       0       0       0
      Locals:         0       0       0       0       0
      Temps:          0       0       0       0       0
      Totals:         0       0       0       0       0
Total ram usage:        0 bytes
 Hardware stack levels used:    1
 This function calls:
		Nothing
 This function is called by:
		_ISR
 This function uses a non-reentrant model


 *************** function i1_cooler_on *****************
 Defined at:
		line 30 in file "io_prepherals.c"
 Parameters:    Size  Location     Type
		None
 Auto vars:     Size  Location     Type
		None
 Return value:  Size  Location     Type
                  1    wreg      void 
 Registers used:
		None
 Tracked objects:
		On entry : 
		On exit  : 
		Unchanged: 
 Data sizes:     COMMON   BANK0   BANK1   BANK3   BANK2
      Params:         0       0       0       0       0
      Locals:         0       0       0       0       0
      Temps:          0       0       0       0       0
      Totals:         0       0       0       0       0
Total ram usage:        0 bytes
 Hardware stack levels used:    1
 This function calls:
		Nothing
 This function is called by:
		_ISR
 This function uses a non-reentrant model


 *************** function i1_cooler_off *****************
 Defined at:
		line 40 in file "io_prepherals.c"
 Parameters:    Size  Location     Type
		None
 Auto vars:     Size  Location     Type
		None
 Return value:  Size  Location     Type
                  1    wreg      void 
 Registers used:
		None
 Tracked objects:
		On entry : 
		On exit  : 
		Unchanged: 
 Data sizes:     COMMON   BANK0   BANK1   BANK3   BANK2
      Params:         0       0       0       0       0
      Locals:         0       0       0       0       0
      Temps:          0       0       0       0       0
      Totals:         0       0       0       0       0
Total ram usage:        0 bytes
 Hardware stack levels used:    1
 This function calls:
		Nothing
 This function is called by:
		_ISR
 This function uses a non-reentrant model


 *************** function _sw_check *****************
 Defined at:
		line 51 in file "io_prepherals.c"
 Parameters:    Size  Location     Type
		None
 Auto vars:     Size  Location     Type
		None
 Return value:  Size  Location     Type
                  1    wreg      enum E1008
 Registers used:
		wreg
 Tracked objects:
		On entry : 
		On exit  : 
		Unchanged: 
 Data sizes:     COMMON   BANK0   BANK1   BANK3   BANK2
      Params:         0       0       0       0       0
      Locals:         0       0       0       0       0
      Temps:          0       0       0       0       0
      Totals:         0       0       0       0       0
Total ram usage:        0 bytes
 Hardware stack levels used:    1
 This function calls:
		Nothing
 This function is called by:
		_ISR
 This function uses a non-reentrant model


 *************** function _reset_lm35 *****************
 Defined at:
		line 37 in file "lm35.c"
 Parameters:    Size  Location     Type
		None
 Auto vars:     Size  Location     Type
		None
 Return value:  Size  Location     Type
                  1    wreg      void 
 Registers used:
		None
 Tracked objects:
		On entry : 
		On exit  : 
		Unchanged: 
 Data sizes:     COMMON   BANK0   BANK1   BANK3   BANK2
      Params:         0       0       0       0       0
      Locals:         0       0       0       0       0
      Temps:          0       0       0       0       0
      Totals:         0       0       0       0       0
Total ram usage:        0 bytes
 Hardware stack levels used:    1
 This function calls:
		Nothing
 This function is called by:
		_ISR
 This function uses a non-reentrant model


 *************** function _read_lm35 *****************
 Defined at:
		line 42 in file "lm35.c"
 Parameters:    Size  Location     Type
		None
 Auto vars:     Size  Location     Type
		None
 Return value:  Size  Location     Type
                  2    0[COMMON] unsigned short 
 Registers used:
		wreg
 Tracked objects:
		On entry : 
		On exit  : 
		Unchanged: 
 Data sizes:     COMMON   BANK0   BANK1   BANK3   BANK2
      Params:         2       0       0       0       0
      Locals:         0       0       0       0       0
      Temps:          0       0       0       0       0
      Totals:         2       0       0       0       0
Total ram usage:        2 bytes
 Hardware stack levels used:    1
 This function calls:
		Nothing
 This function is called by:
		_ISR
 This function uses a non-reentrant model


 *************** function ___fttol *****************
 Defined at:
		line 44 in file "C:\Program Files\Microchip\xc8\v2.31\pic\sources\c90\common\fttol.c"
 Parameters:    Size  Location     Type
  f1              3   16[BANK0 ] float 
 Auto vars:     Size  Location     Type
  lval            4   25[BANK0 ] unsigned long 
  exp1            1   29[BANK0 ] unsigned char 
  sign1           1   24[BANK0 ] unsigned char 
 Return value:  Size  Location     Type
                  4   16[BANK0 ] long 
 Registers used:
		wreg, status,2, status,0
 Tracked objects:
		On entry : 
		On exit  : 
		Unchanged: 
 Data sizes:     COMMON   BANK0   BANK1   BANK3   BANK2
      Params:         0       4       0       0       0
      Locals:         0       6       0       0       0
      Temps:          0       4       0       0       0
      Totals:         0      14       0       0       0
Total ram usage:       14 bytes
 Hardware stack levels used:    1
 This function calls:
		Nothing
 This function is called by:
		_ISR
 This function uses a non-reentrant model


 *************** function ___ftmul *****************
 Defined at:
		line 62 in file "C:\Program Files\Microchip\xc8\v2.31\pic\sources\c90\common\ftmul.c"
 Parameters:    Size  Location     Type
  f1              3    0[BANK0 ] float 
  f2              3    3[BANK0 ] float 
 Auto vars:     Size  Location     Type
  f3_as_produc    3   11[BANK0 ] unsigned um
  sign            1   15[BANK0 ] unsigned char 
  cntr            1   14[BANK0 ] unsigned char 
  exp             1   10[BANK0 ] unsigned char 
 Return value:  Size  Location     Type
                  3    0[BANK0 ] float 
 Registers used:
		wreg, status,2, status,0, pclath, cstack
 Tracked objects:
		On entry : 
		On exit  : 
		Unchanged: 
 Data sizes:     COMMON   BANK0   BANK1   BANK3   BANK2
      Params:         0       6       0       0       0
      Locals:         0       6       0       0       0
      Temps:          0       4       0       0       0
      Totals:         0      16       0       0       0
Total ram usage:       16 bytes
 Hardware stack levels used:    1
 Hardware stack levels required when called:    1
 This function calls:
		___ftpack
 This function is called by:
		_ISR
 This function uses a non-reentrant model


 *************** function ___awtoft *****************
 Defined at:
		line 32 in file "C:\Program Files\Microchip\xc8\v2.31\pic\sources\c90\common\awtoft.c"
 Parameters:    Size  Location     Type
  c               2    8[COMMON] int 
 Auto vars:     Size  Location     Type
  sign            1   13[COMMON] unsigned char 
 Return value:  Size  Location     Type
                  3    8[COMMON] float 
 Registers used:
		wreg, status,2, status,0, pclath, cstack
 Tracked objects:
		On entry : 
		On exit  : 
		Unchanged: 
 Data sizes:     COMMON   BANK0   BANK1   BANK3   BANK2
      Params:         3       0       0       0       0
      Locals:         1       0       0       0       0
      Temps:          2       0       0       0       0
      Totals:         6       0       0       0       0
Total ram usage:        6 bytes
 Hardware stack levels used:    1
 Hardware stack levels required when called:    1
 This function calls:
		___ftpack
 This function is called by:
		_ISR
 This function uses a non-reentrant model


 *************** function ___ftpack *****************
 Defined at:
		line 62 in file "C:\Program Files\Microchip\xc8\v2.31\pic\sources\c90\common\float.c"
 Parameters:    Size  Location     Type
  arg             3    0[COMMON] unsigned um
  exp             1    3[COMMON] unsigned char 
  sign            1    4[COMMON] unsigned char 
 Auto vars:     Size  Location     Type
		None
 Return value:  Size  Location     Type
                  3    0[COMMON] float 
 Registers used:
		wreg, status,2, status,0
 Tracked objects:
		On entry : 
		On exit  : 
		Unchanged: 
 Data sizes:     COMMON   BANK0   BANK1   BANK3   BANK2
      Params:         5       0       0       0       0
      Locals:         0       0       0       0       0
      Temps:          3       0       0       0       0
      Totals:         8       0       0       0       0
Total ram usage:        8 bytes
 Hardware stack levels used:    1
 This function calls:
		Nothing
 This function is called by:
		___awtoft
		___ftmul
 This function uses a non-reentrant model



MODULE INFORMATION

Module		Function		Class		Link	Load	Size
C:\Program Files\Microchip\xc8\v2.31\pic\sources\c90\common\float.c
		___ftpack      		CODE           	035D	0000	108

C:\Program Files\Microchip\xc8\v2.31\pic\sources\c90\common\float.c estimated size: 108

C:\Program Files\Microchip\xc8\v2.31\pic\sources\c90\common\lwmod.c
		___lwmod       		CODE           	04A5	0000	52

C:\Program Files\Microchip\xc8\v2.31\pic\sources\c90\common\lwmod.c estimated size: 52

C:\Program Files\Microchip\xc8\v2.31\pic\sources\c90\common\ftmul.c
		___ftmul       		CODE           	00D9	0000	179

C:\Program Files\Microchip\xc8\v2.31\pic\sources\c90\common\ftmul.c estimated size: 179

C:\Program Files\Microchip\xc8\v2.31\pic\sources\c90\common\lwdiv.c
		___lwdiv       		CODE           	0469	0000	60

C:\Program Files\Microchip\xc8\v2.31\pic\sources\c90\common\lwdiv.c estimated size: 60

shared
		i1_cooler_on   		CODE           	0597	0000	3
		i1_cooler_off  		CODE           	059F	0000	2
		__initialization		CODE           	0011	0000	11
		i1_heater_on   		CODE           	0589	0000	4
		i1_heater_off  		CODE           	058D	0000	4

shared estimated size: 24

C:\Program Files\Microchip\xc8\v2.31\pic\sources\c90\common\awtoft.c
		___awtoft      		CODE           	04FB	0000	33

C:\Program Files\Microchip\xc8\v2.31\pic\sources\c90\common\awtoft.c estimated size: 33

C:\Program Files\Microchip\xc8\v2.31\pic\sources\c90\common\fttol.c
		___fttol       		CODE           	02E2	0000	123

C:\Program Files\Microchip\xc8\v2.31\pic\sources\c90\common\fttol.c estimated size: 123

lm35.c
		_reset_lm35    		CODE           	059A	0000	3
		_init_lm35     		CODE           	0559	0000	13
		_start_lm35    		CODE           	04D9	0000	34
		_read_lm35     		CODE           	057A	0000	6

lm35.c estimated size: 56

main.c
		_prepheral_testing		CODE           	018C	0000	175
		_ISR           		CODE           	023B	0000	167
		_main          		CODE           	0020	0000	185

main.c estimated size: 527

io_prepherals.c
		_sw_check      		CODE           	0566	0000	11
		_heater_on     		CODE           	0585	0000	4
		_heater_off    		CODE           	0580	0000	5
		_init_cooler_heater		CODE           	054B	0000	14
		_cooler_on     		CODE           	0594	0000	3
		_cooler_off    		CODE           	059D	0000	2
		_init_switches 		CODE           	0591	0000	3

io_prepherals.c estimated size: 42

seven_segment.c
		_write_7seg    		CODE           	03C9	0000	94
		_selec_7seg    		CODE           	0538	0000	19
		_init_7seg     		CODE           	0571	0000	9
		_evaluate      		CODE           	0427	0000	66
		_DEL_write_7seg		CODE           	051C	0000	28

seven_segment.c estimated size: 216

